// Jest Snapshot v1, https://goo.gl/fbAQLP

exports[`Pruebas en el componente HomeScreen Debe de mostrarse correctamtente 1`] = `
<div>
  <h1>
     HomeScreen 
  </h1>
  <hr />
  <pre />
</div>
`;
