// Jest Snapshot v1, https://goo.gl/fbAQLP

exports[`prueba del componente KookApp Debe de mostrat el componente KookApp 1`] = `
<div>
  <h1>
    Hola mundo
  </h1>
</div>
`;
