// Jest Snapshot v1, https://goo.gl/fbAQLP

exports[`probar en el componente MultiplesCutomerHook Debe de mostrarse correctamente 1`] = `
<div>
  <h1>
    The Breaking Bad
  </h1>
  <hr />
  <div
    className="alert alert-info text-center"
  >
    loading...
  </div>
  <button
    className="btn btn-primary mt-4"
    onClick={[Function]}
  >
    Siguiente quote
  </button>
</div>
`;
